$ cd ~
$ spack env create -d cache-env
==> Created independent environment in: /home/spack5/cache-env
==> Activate with: spack env activate cache-env
$ cd cache-env
$ spacktivate .
$ # for now, disable fortran support in all packages
$ spack config add "packages:all:variants: ~fortran"
$ spack add macsio+scr
==> Adding macsio+scr to environment /home/spack5/cache-env
$ spack install
==> Concretized 1 spec
[+]  qontuyi  macsio@1.1%gcc@11.4.0~exodus~hdf5~ipo+mpi+pdb+scr~silo~szip~typhonio~zfp~zlib build_system=cmake build_type=Release generator=make patches=59479b9 arch=linux-ubuntu22.04-x86_64_v3
[+]  d2nwbxl	  ^cmake@3.30.5%gcc@11.4.0~doc+ncurses+ownlibs~qtgui build_system=generic build_type=Release patches=dbc3892 arch=linux-ubuntu22.04-x86_64_v3
[+]  fpywomo	      ^curl@8.10.1%gcc@11.4.0~gssapi~ldap~libidn2~librtmp~libssh~libssh2+nghttp2 build_system=autotools libs=shared,static tls=openssl arch=linux-ubuntu22.04-x86_64_v3
[+]  t2qkug7		  ^nghttp2@1.63.0%gcc@11.4.0 build_system=autotools arch=linux-ubuntu22.04-x86_64_v3
[+]  5gigqgw		  ^openssl@3.4.0%gcc@11.4.0~docs+shared build_system=generic certs=mozilla arch=linux-ubuntu22.04-x86_64_v3
[+]  t2brqss		      ^ca-certificates-mozilla@2023-05-30%gcc@11.4.0 build_system=generic arch=linux-ubuntu22.04-x86_64_v3
[+]  rvg7j6b	      ^ncurses@6.5%gcc@11.4.0~symlinks+termlib abi=none build_system=autotools patches=7a351bc arch=linux-ubuntu22.04-x86_64_v3
[+]  fhud6vq	      ^zlib-ng@2.2.1%gcc@11.4.0+compat+new_strategies+opt+pic+shared build_system=autotools arch=linux-ubuntu22.04-x86_64_v3
[+]  hshzy76	  ^gcc-runtime@11.4.0%gcc@11.4.0 build_system=generic arch=linux-ubuntu22.04-x86_64_v3
[e]  a7drdl4	  ^glibc@2.35%gcc@11.4.0 build_system=autotools arch=linux-ubuntu22.04-x86_64_v3
[+]  srkzfjr	  ^gmake@4.4.1%gcc@11.4.0~guile build_system=generic arch=linux-ubuntu22.04-x86_64_v3
[+]  pvkmxcb	  ^json-cwx@0.12%gcc@11.4.0 build_system=autotools arch=linux-ubuntu22.04-x86_64_v3
[+]  vgucajy	      ^autoconf@2.72%gcc@11.4.0 build_system=autotools arch=linux-ubuntu22.04-x86_64_v3
[+]  awgfaon	      ^automake@1.16.5%gcc@11.4.0 build_system=autotools arch=linux-ubuntu22.04-x86_64_v3
[+]  tt3byem	      ^libtool@2.4.7%gcc@11.4.0 build_system=autotools arch=linux-ubuntu22.04-x86_64_v3
[+]  2sbkhch		  ^findutils@4.9.0%gcc@11.4.0 build_system=autotools patches=440b954 arch=linux-ubuntu22.04-x86_64_v3
[+]  qaspjyq	      ^m4@1.4.19%gcc@11.4.0+sigsegv build_system=autotools patches=9dc5fbd,bfdffa7 arch=linux-ubuntu22.04-x86_64_v3
[+]  lljulvx		  ^diffutils@3.10%gcc@11.4.0 build_system=autotools arch=linux-ubuntu22.04-x86_64_v3
[+]  bsga3no		      ^libiconv@1.17%gcc@11.4.0 build_system=autotools libs=shared,static arch=linux-ubuntu22.04-x86_64_v3
[+]  ea6qziv		  ^libsigsegv@2.14%gcc@11.4.0 build_system=autotools arch=linux-ubuntu22.04-x86_64_v3
[+]  jvwxvxe	  ^openmpi@5.0.5%gcc@11.4.0+atomics~cuda~debug~gpfs~internal-hwloc~internal-libevent~internal-pmix~java~lustre~memchecker~openshmem~romio+rsh~static~two_level_namespace+vt+wrapper-rpath build_system=autotools fabrics=none romio-filesystem=none schedulers=none arch=linux-ubuntu22.04-x86_64_v3
[+]  fwtuzgp	      ^hwloc@2.11.1%gcc@11.4.0~cairo~cuda~gl~libudev+libxml2~nvml~oneapi-level-zero~opencl+pci~rocm build_system=autotools libs=shared,static arch=linux-ubuntu22.04-x86_64_v3
[+]  omw5cc4		  ^libpciaccess@0.17%gcc@11.4.0 build_system=autotools arch=linux-ubuntu22.04-x86_64_v3
[+]  vdnwjqe		      ^util-macros@1.20.1%gcc@11.4.0 build_system=autotools arch=linux-ubuntu22.04-x86_64_v3
[+]  wozcmyn		  ^libxml2@2.13.4%gcc@11.4.0+pic~python+shared build_system=autotools arch=linux-ubuntu22.04-x86_64_v3
[+]  2fvrfr6		      ^xz@5.4.6%gcc@11.4.0~pic build_system=autotools libs=shared,static arch=linux-ubuntu22.04-x86_64_v3
[+]  xbwxobi	      ^libevent@2.1.12%gcc@11.4.0+openssl build_system=autotools arch=linux-ubuntu22.04-x86_64_v3
[+]  euqyy3h	      ^numactl@2.0.18%gcc@11.4.0 build_system=autotools arch=linux-ubuntu22.04-x86_64_v3
[+]  wz7w27t	      ^openssh@9.9p1%gcc@11.4.0+gssapi build_system=autotools arch=linux-ubuntu22.04-x86_64_v3
[+]  pq3as37		  ^krb5@1.21.3%gcc@11.4.0+shared build_system=autotools arch=linux-ubuntu22.04-x86_64_v3
[+]  sllhx5n		      ^bison@3.8.2%gcc@11.4.0~color build_system=autotools arch=linux-ubuntu22.04-x86_64_v3
[+]  bexdfw2		      ^gettext@0.22.5%gcc@11.4.0+bzip2+curses+git~libunistring+libxml2+pic+shared+tar+xz build_system=autotools arch=linux-ubuntu22.04-x86_64_v3
[+]  mmv6i4n			  ^tar@1.34%gcc@11.4.0 build_system=autotools zip=pigz arch=linux-ubuntu22.04-x86_64_v3
[+]  pcwnu2w			      ^pigz@2.8%gcc@11.4.0 build_system=makefile arch=linux-ubuntu22.04-x86_64_v3
[+]  t7h6imj			      ^zstd@1.5.6%gcc@11.4.0+programs build_system=makefile compression=none libs=shared,static arch=linux-ubuntu22.04-x86_64_v3
[+]  nhrbcom		  ^libedit@3.1-20240808%gcc@11.4.0 build_system=autotools arch=linux-ubuntu22.04-x86_64_v3
[+]  v64tnmr		  ^libxcrypt@4.4.35%gcc@11.4.0~obsolete_api build_system=autotools patches=4885da3 arch=linux-ubuntu22.04-x86_64_v3
[+]  cwpt5ec	      ^perl@5.40.0%gcc@11.4.0+cpanm+opcode+open+shared+threads build_system=generic arch=linux-ubuntu22.04-x86_64_v3
[+]  cexlioh		  ^berkeley-db@18.1.40%gcc@11.4.0+cxx~docs+stl build_system=autotools patches=26090f4,b231fcc arch=linux-ubuntu22.04-x86_64_v3
[+]  ewqc7cx		  ^bzip2@1.0.8%gcc@11.4.0~debug~pic+shared build_system=generic arch=linux-ubuntu22.04-x86_64_v3
[+]  jj2atvs		  ^gdbm@1.23%gcc@11.4.0 build_system=autotools arch=linux-ubuntu22.04-x86_64_v3
[+]  oplsmxr	      ^pkgconf@2.2.0%gcc@11.4.0 build_system=autotools arch=linux-ubuntu22.04-x86_64_v3
[+]  5wqqmsw	      ^pmix@5.0.3%gcc@11.4.0~munge~python~restful build_system=autotools arch=linux-ubuntu22.04-x86_64_v3
[+]  inxkq6w	  ^scr@2.0.0%gcc@11.4.0+dtcmp~fortran~ipo+libyogrt async_api=NONE build_system=cmake build_type=Release cache_base=/dev/shm cntl_base=/dev/shm copy_config=none file_lock=FLOCK generator=make resource_manager=SLURM scr_config=scr.conf arch=linux-ubuntu22.04-x86_64_v3
[+]  m2vb6sg	      ^dtcmp@1.1.5%gcc@11.4.0+shared build_system=autotools arch=linux-ubuntu22.04-x86_64_v3
[+]  euguteo		  ^lwgrp@1.0.6%gcc@11.4.0+shared build_system=autotools arch=linux-ubuntu22.04-x86_64_v3
[+]  gswz3l2	      ^libyogrt@1.35%gcc@11.4.0~static build_system=autotools scheduler=slurm arch=linux-ubuntu22.04-x86_64_v3
[+]  wtptlf7		  ^slurm@23-11-1-1%gcc@11.4.0~cgroup~gtk~hdf5~hwloc~mariadb~nvml~pam~pmix+readline~restd~rsmi build_system=autotools sysconfdir=PREFIX/etc arch=linux-ubuntu22.04-x86_64_v3
[+]  rf4t3xs		      ^glib@2.78.3%gcc@11.4.0~libmount~strip build_system=meson buildtype=release default_library=shared tracing=none arch=linux-ubuntu22.04-x86_64_v3
[+]  zw2tlkv			  ^elfutils@0.191%gcc@11.4.0~debuginfod+exeprefix+nls build_system=autotools arch=linux-ubuntu22.04-x86_64_v3
[+]  ltl5sqy			  ^libffi@3.4.6%gcc@11.4.0 build_system=autotools arch=linux-ubuntu22.04-x86_64_v3
[+]  xfqgelb			  ^meson@1.5.1%gcc@11.4.0 build_system=python_pip patches=0f0b1bd arch=linux-ubuntu22.04-x86_64_v3
[+]  vdyo63u			      ^py-pip@23.1.2%gcc@11.4.0 build_system=generic arch=linux-ubuntu22.04-x86_64_v3
[+]  snvbpkx			      ^py-setuptools@69.2.0%gcc@11.4.0 build_system=generic arch=linux-ubuntu22.04-x86_64_v3
[+]  pxniiek			      ^py-wheel@0.41.2%gcc@11.4.0 build_system=generic arch=linux-ubuntu22.04-x86_64_v3
[+]  wylyhqn			      ^python-venv@1.0%gcc@11.4.0 build_system=generic arch=linux-ubuntu22.04-x86_64_v3
[+]  xasrhux			  ^ninja@1.12.1%gcc@11.4.0+re2c build_system=generic arch=linux-ubuntu22.04-x86_64_v3
[+]  tpzsx34			      ^re2c@3.1%gcc@11.4.0 build_system=autotools arch=linux-ubuntu22.04-x86_64_v3
[+]  pim2bkx			  ^pcre2@10.44%gcc@11.4.0~jit+multibyte build_system=autotools arch=linux-ubuntu22.04-x86_64_v3
[+]  ct26uvg			  ^python@3.11.9%gcc@11.4.0+bz2+crypt+ctypes+dbm~debug+libxml2+lzma~nis~optimizations+pic+pyexpat+pythoncmd+readline+shared+sqlite3+ssl~tkinter+uuid+zlib build_system=generic patches=13fa8bf,b0615b2,ebdca64,f2fd060 arch=linux-ubuntu22.04-x86_64_v3
[+]  hj6jtyr			      ^expat@2.6.4%gcc@11.4.0+libbsd build_system=autotools arch=linux-ubuntu22.04-x86_64_v3
[+]  hwya6i6				  ^libbsd@0.12.2%gcc@11.4.0 build_system=autotools arch=linux-ubuntu22.04-x86_64_v3
[+]  qcfzttd				      ^libmd@1.0.4%gcc@11.4.0 build_system=autotools arch=linux-ubuntu22.04-x86_64_v3
[+]  ogdosm6			      ^sqlite@3.46.0%gcc@11.4.0+column_metadata+dynamic_extensions+fts~functions+rtree build_system=autotools arch=linux-ubuntu22.04-x86_64_v3
[+]  xesify5			      ^util-linux-uuid@2.40.2%gcc@11.4.0 build_system=autotools arch=linux-ubuntu22.04-x86_64_v3
[+]  jiezkp3		      ^json-c@0.16%gcc@11.4.0~ipo build_system=cmake build_type=Release generator=make arch=linux-ubuntu22.04-x86_64_v3
[+]  itxj6zz		      ^lz4@1.10.0%gcc@11.4.0+pic build_system=makefile libs=shared,static arch=linux-ubuntu22.04-x86_64_v3
[+]  7ccb5fi		      ^munge@0.5.15%gcc@11.4.0 build_system=autotools localstatedir=PREFIX/var arch=linux-ubuntu22.04-x86_64_v3
[+]  tau3vgr			  ^libgcrypt@1.11.0%gcc@11.4.0 build_system=autotools patches=4e308ba arch=linux-ubuntu22.04-x86_64_v3
[+]  3g7e2nw			      ^libgpg-error@1.50%gcc@11.4.0 build_system=autotools patches=0b2a0ff arch=linux-ubuntu22.04-x86_64_v3
[+]  x6mwj3l				  ^gawk@5.3.1%gcc@11.4.0~nls build_system=autotools arch=linux-ubuntu22.04-x86_64_v3
[+]  5webgya				      ^gmp@6.3.0%gcc@11.4.0+cxx build_system=autotools libs=shared,static arch=linux-ubuntu22.04-x86_64_v3
[+]  mdfsfjy				      ^mpfr@4.2.1%gcc@11.4.0 build_system=autotools libs=shared,static arch=linux-ubuntu22.04-x86_64_v3
[+]  ljsbwjc					  ^texinfo@7.1%gcc@11.4.0 build_system=autotools arch=linux-ubuntu22.04-x86_64_v3
[+]  oe5lfjf	      ^pdsh@2.31%gcc@11.4.0+ssh+static_modules build_system=autotools arch=linux-ubuntu22.04-x86_64_v3
[+]  tf6qsel	  ^silo@4.11.1%gcc@11.4.0~fortran+fpzip+hdf5+hzip+mpi+pic+python+shared~silex build_system=autotools arch=linux-ubuntu22.04-x86_64_v3
[+]  6s34ic3	      ^autoconf-archive@2023.02.20%gcc@11.4.0 build_system=autotools arch=linux-ubuntu22.04-x86_64_v3
[+]  6ddnwva	      ^hdf5@1.14.5%gcc@11.4.0~cxx~fortran~hl~ipo~java~map+mpi+shared~subfiling~szip~threadsafe+tools api=default build_system=cmake build_type=Release generator=make arch=linux-ubuntu22.04-x86_64_v3
[+]  aylebxv	      ^readline@8.2%gcc@11.4.0 build_system=autotools patches=bbf97f1 arch=linux-ubuntu22.04-x86_64_v3

[+] /usr (external glibc-2.35-a7drdl4tlx4bu3mzhor75pskvd3pdot6)
[+] /home/spack5/spack/opt/spack/linux-ubuntu22.04-x86_64_v3/gcc-11.4.0/gcc-runtime-11.4.0-hshzy762rns57ibvxiyi3qqvc4nehse2
[+] /home/spack5/spack/opt/spack/linux-ubuntu22.04-x86_64_v3/gcc-11.4.0/lz4-1.10.0-itxj6zzegxeda6yubljodvd4hob6cdtm
[+] /home/spack5/spack/opt/spack/linux-ubuntu22.04-x86_64_v3/gcc-11.4.0/bzip2-1.0.8-ewqc7cx44b63asa742p2asywp2k6rfto
[+] /home/spack5/spack/opt/spack/linux-ubuntu22.04-x86_64_v3/gcc-11.4.0/json-c-0.16-jiezkp3kmwhh6f3x5psem5a2pyio3wck
[+] /home/spack5/spack/opt/spack/linux-ubuntu22.04-x86_64_v3/gcc-11.4.0/berkeley-db-18.1.40-cexliohp6aqckxeq4bqy5wrmxzyrfzqc
[+] /home/spack5/spack/opt/spack/linux-ubuntu22.04-x86_64_v3/gcc-11.4.0/pcre2-10.44-pim2bkxw3crhvosv4tk7aqua6crhfq7b
[+] /home/spack5/spack/opt/spack/linux-ubuntu22.04-x86_64_v3/gcc-11.4.0/libffi-3.4.6-ltl5sqyu2fuckascuwdlxebbmp3k5spp
[+] /home/spack5/spack/opt/spack/linux-ubuntu22.04-x86_64_v3/gcc-11.4.0/pkgconf-2.2.0-oplsmxryrcg6ackisqtpszdarzch6a6t
[+] /home/spack5/spack/opt/spack/linux-ubuntu22.04-x86_64_v3/gcc-11.4.0/libgpg-error-1.50-3g7e2nweljnohbrxe6msmfsmpgdmfr6t
[+] /home/spack5/spack/opt/spack/linux-ubuntu22.04-x86_64_v3/gcc-11.4.0/libxcrypt-4.4.35-v64tnmrjg7o5beyhae6x42vqlcxzdon6
[+] /home/spack5/spack/opt/spack/linux-ubuntu22.04-x86_64_v3/gcc-11.4.0/numactl-2.0.18-euqyy3hu6d7yiuf67q6xgmiwtlgfkanp
[+] /home/spack5/spack/opt/spack/linux-ubuntu22.04-x86_64_v3/gcc-11.4.0/libmd-1.0.4-qcfzttdxovswz34pjuvrsjnuwsvrbhko
[+] /home/spack5/spack/opt/spack/linux-ubuntu22.04-x86_64_v3/gcc-11.4.0/json-cwx-0.12-pvkmxcbrrqfbn476honsu5srvdyl2gfc
[+] /home/spack5/spack/opt/spack/linux-ubuntu22.04-x86_64_v3/gcc-11.4.0/pdsh-2.31-oe5lfjf4gnsqjnlexzihdmmwgpcrp63v
[+] /home/spack5/spack/opt/spack/linux-ubuntu22.04-x86_64_v3/gcc-11.4.0/libiconv-1.17-bsga3novxptycgb4bpv4mldtq3f5m7mj
[+] /home/spack5/spack/opt/spack/linux-ubuntu22.04-x86_64_v3/gcc-11.4.0/zlib-ng-2.2.1-fhud6vqkh7jaesckalgqg5xxml72in6i
[+] /home/spack5/spack/opt/spack/linux-ubuntu22.04-x86_64_v3/gcc-11.4.0/zstd-1.5.6-t7h6imj35ruac562vr7snzvli2h2tzup
[+] /home/spack5/spack/opt/spack/linux-ubuntu22.04-x86_64_v3/gcc-11.4.0/xz-5.4.6-2fvrfr67ahyx5vqg6hyd3dachcl3nl2k
[+] /home/spack5/spack/opt/spack/linux-ubuntu22.04-x86_64_v3/gcc-11.4.0/util-linux-uuid-2.40.2-xesify5chxevm2nzm4bad4s2jquildlm
[+] /home/spack5/spack/opt/spack/linux-ubuntu22.04-x86_64_v3/gcc-11.4.0/libpciaccess-0.17-omw5cc44g5qrphf7aqyjpdpmw2b3tr4i
[+] /home/spack5/spack/opt/spack/linux-ubuntu22.04-x86_64_v3/gcc-11.4.0/nghttp2-1.63.0-t2qkug7u7irxunnirgisvdu4mdoerrxt
[+] /home/spack5/spack/opt/spack/linux-ubuntu22.04-x86_64_v3/gcc-11.4.0/ncurses-6.5-rvg7j6bmergf3is4yoacm5sgsi7l4tvm
[+] /home/spack5/spack/opt/spack/linux-ubuntu22.04-x86_64_v3/gcc-11.4.0/libgcrypt-1.11.0-tau3vgrmq6nomkchestprkfzjhju3nsu
[+] /home/spack5/spack/opt/spack/linux-ubuntu22.04-x86_64_v3/gcc-11.4.0/libbsd-0.12.2-hwya6i63fvxczwxqtfz3ujel55as7dlp
[+] /home/spack5/spack/opt/spack/linux-ubuntu22.04-x86_64_v3/gcc-11.4.0/pigz-2.8-pcwnu2wfae7nfv5isb3kcl7otav2m5zy
[+] /home/spack5/spack/opt/spack/linux-ubuntu22.04-x86_64_v3/gcc-11.4.0/openssl-3.4.0-5gigqgwld4jgaxb46pzeavxuicamdgvw
[+] /home/spack5/spack/opt/spack/linux-ubuntu22.04-x86_64_v3/gcc-11.4.0/libxml2-2.13.4-wozcmyn2bivorr7geiwavaqeosmwmaow
[+] /home/spack5/spack/opt/spack/linux-ubuntu22.04-x86_64_v3/gcc-11.4.0/libedit-3.1-20240808-nhrbcomj5lgnql2itckj7py3hi6wuz5d
[+] /home/spack5/spack/opt/spack/linux-ubuntu22.04-x86_64_v3/gcc-11.4.0/readline-8.2-aylebxvheua4djgtfzzqi2ialcjt5mw7
[+] /home/spack5/spack/opt/spack/linux-ubuntu22.04-x86_64_v3/gcc-11.4.0/expat-2.6.4-hj6jtyrxtqabnjznbntx6oeclctubpxq
[+] /home/spack5/spack/opt/spack/linux-ubuntu22.04-x86_64_v3/gcc-11.4.0/tar-1.34-mmv6i4naeg746pk2xpypdpejwvypmegb
[+] /home/spack5/spack/opt/spack/linux-ubuntu22.04-x86_64_v3/gcc-11.4.0/munge-0.5.15-7ccb5fignqrns53lrl3dz6ziqm7hyc5m
[+] /home/spack5/spack/opt/spack/linux-ubuntu22.04-x86_64_v3/gcc-11.4.0/libevent-2.1.12-xbwxobi4cjizcuch7ukmi4igoosktbma
[+] /home/spack5/spack/opt/spack/linux-ubuntu22.04-x86_64_v3/gcc-11.4.0/curl-8.10.1-fpywomo74ruadasuelzpvql7zj6rufeo
[+] /home/spack5/spack/opt/spack/linux-ubuntu22.04-x86_64_v3/gcc-11.4.0/hwloc-2.11.1-fwtuzgpmp2dy3udiekh6nwnbcld22kmk
[+] /home/spack5/spack/opt/spack/linux-ubuntu22.04-x86_64_v3/gcc-11.4.0/sqlite-3.46.0-ogdosm6dqmim5545dvloiyn5nvydhfra
[+] /home/spack5/spack/opt/spack/linux-ubuntu22.04-x86_64_v3/gcc-11.4.0/gdbm-1.23-jj2atvsdprz6qvh2n43326zfxv42iw7n
[+] /home/spack5/spack/opt/spack/linux-ubuntu22.04-x86_64_v3/gcc-11.4.0/gettext-0.22.5-bexdfw2vfc64r6u72mqestm6olahfr6e
[+] /home/spack5/spack/opt/spack/linux-ubuntu22.04-x86_64_v3/gcc-11.4.0/pmix-5.0.3-5wqqmswtibbhuilr356mzviq4flzdc3z
[+] /home/spack5/spack/opt/spack/linux-ubuntu22.04-x86_64_v3/gcc-11.4.0/perl-5.40.0-cwpt5ec6gcal6ftcrrxcecnt74fdjfhi
[+] /home/spack5/spack/opt/spack/linux-ubuntu22.04-x86_64_v3/gcc-11.4.0/python-3.11.9-ct26uvgbvvn4bshuv42rvthvq556gdqh
[+] /home/spack5/spack/opt/spack/linux-ubuntu22.04-x86_64_v3/gcc-11.4.0/elfutils-0.191-zw2tlkv4255rxzdcnziuyodhjcnk7arp
[+] /home/spack5/spack/opt/spack/linux-ubuntu22.04-x86_64_v3/gcc-11.4.0/krb5-1.21.3-pq3as37xnogsfkivav3r6phgtsuwhjlb
[+] /home/spack5/spack/opt/spack/linux-ubuntu22.04-x86_64_v3/gcc-11.4.0/glib-2.78.3-rf4t3xsioshh3nqvngwx3ph3e2cttmjt
[+] /home/spack5/spack/opt/spack/linux-ubuntu22.04-x86_64_v3/gcc-11.4.0/openssh-9.9p1-wz7w27t54u5lcphpvtwvv43vmhwmqwkn
[+] /home/spack5/spack/opt/spack/linux-ubuntu22.04-x86_64_v3/gcc-11.4.0/slurm-23-11-1-1-wtptlf72didakpcie467xfagizdvzhrg
[+] /home/spack5/spack/opt/spack/linux-ubuntu22.04-x86_64_v3/gcc-11.4.0/openmpi-5.0.5-jvwxvxe7dgexcutl2wtjaibbrnpys3ea
[+] /home/spack5/spack/opt/spack/linux-ubuntu22.04-x86_64_v3/gcc-11.4.0/libyogrt-1.35-gswz3l2d2quizqqrd7oiivqbammmupt7
[+] /home/spack5/spack/opt/spack/linux-ubuntu22.04-x86_64_v3/gcc-11.4.0/lwgrp-1.0.6-euguteoau5dys5gkjnqt6xkapmnahy3h
[+] /home/spack5/spack/opt/spack/linux-ubuntu22.04-x86_64_v3/gcc-11.4.0/hdf5-1.14.5-6ddnwvambfcyhhhs7ehog6gkftrkljnt
[+] /home/spack5/spack/opt/spack/linux-ubuntu22.04-x86_64_v3/gcc-11.4.0/dtcmp-1.1.5-m2vb6sgvtvkulfbrqs52ghtwsoy5b3nd
[+] /home/spack5/spack/opt/spack/linux-ubuntu22.04-x86_64_v3/gcc-11.4.0/silo-4.11.1-tf6qseltlkgq6gwwbyqivbkgwyc25ca7
[+] /home/spack5/spack/opt/spack/linux-ubuntu22.04-x86_64_v3/gcc-11.4.0/scr-2.0.0-inxkq6ww6nxt7t6wtv5tjfhrdwfnzf2w
[+] /home/spack5/spack/opt/spack/linux-ubuntu22.04-x86_64_v3/gcc-11.4.0/macsio-1.1-qontuyi6qgcyix3gm3yqt3sdmghya42a
==> Updating view at /home/spack5/cache-env/.spack-env/view
