$ git clone https://github.com/spack/spack ~/spack
fatal: destination path '/home/spack1/spack' already exists and is not an empty directory.
$ cd ~/spack
$ git checkout releases/v0.19
Already on 'releases/v0.19'
Your branch is up to date with 'origin/releases/v0.19'.
$ . share/spack/setup-env.sh
$ spack mirror add tutorial /mirror
==> Error: Mirror with name tutorial already exists.
$ spack buildcache keys -it
gpg: key A8E0CA3C1C2ADA2F: 7 signatures not checked due to missing keys
gpg: key A8E0CA3C1C2ADA2F: public key "Spack Project Official Binaries <maintainers@spack.io>" imported
gpg: Total number processed: 1
gpg:		   imported: 1
gpg: no ultimately trusted keys found
gpg: inserting ownertrust of 6
