$ spack concretize
==> Updating view at /home/spack1/code/views/default
$ ls views/default
bin  etc  include  lib	libexec  man  sbin  share
$ ls views/default/lib
cmake		      libexpat.so.1	   libgdbm_compat.so.4.0.0  liblzma.so.5	 libmpifort.so		 libopenblas.so 	 libsqlite3.so		libxml2.so.2.10.1
engines-1.1	      libexpat.so.1.8.8    libgettextlib-0.21.1.so  liblzma.so.5.2.7	 libmpifort.so.12	 libopenblas.so.0	 libsqlite3.so.0	libyaksa.a
gettext 	      libfabric.a	   libgettextlib.a	    libmd.a		 libmpifort.so.12.2.2	 libpanel.a		 libsqlite3.so.0.8.6	libyaksa.so
itcl4.2.2	      libfabric.so	   libgettextlib.so	    libmd.so		 libmpl.so		 libpanel.so		 libssl.a		libyaksa.so.0
libasprintf.a	      libfabric.so.1	   libgettextpo.a	    libmd.so.0		 libncurses++.a 	 libpanel.so.6		 libssl.so		libyaksa.so.0.0.0
libasprintf.so	      libfabric.so.1.19.1  libgettextpo.so	    libmd.so.0.0.5	 libncurses++.so	 libpanel.so.6.3	 libssl.so.1.1		libz.a
libasprintf.so.0      libffi.a		   libgettextpo.so.0	    libmenu.a		 libncurses++.so.6	 libpanel_g.a		 libtcl8.6.so		libz.so
libasprintf.so.0.0.0  libffi.so 	   libgettextpo.so.0.5.8    libmenu.so		 libncurses++.so.6.3	 libpanelw.a		 libtclstub8.6.a	libz.so.1
libbsd-ctor.a	      libffi.so.8	   libgettextsrc-0.21.1.so  libmenu.so.6	 libncurses++_g.a	 libpanelw.so		 libtextstyle.a 	libz.so.1.2.13
libbsd.a	      libffi.so.8.1.0	   libgettextsrc.so	    libmenu.so.6.3	 libncurses++w.a	 libpanelw.so.6 	 libtextstyle.so	libzstd.a
libbsd.so	      libfmpich.so	   libhistory.a 	    libmenu_g.a 	 libncurses++w.so	 libpanelw.so.6.3	 libtextstyle.so.0	libzstd.so
libbsd.so.0	      libform.a 	   libhistory.so	    libmenuw.a		 libncurses++w.so.6	 libpanelw_g.a		 libtextstyle.so.0.1.2	libzstd.so.1
libbsd.so.0.11.5      libform.so	   libhistory.so.8	    libmenuw.so 	 libncurses++w.so.6.3	 libpciaccess.a 	 libtinfo.a		libzstd.so.1.5.2
libbz2.a	      libform.so.6	   libhistory.so.8.1	    libmenuw.so.6	 libncurses++w_g.a	 libpciaccess.so	 libtinfo.so		pkgconfig
libbz2.so	      libform.so.6.3	   libhwloc.a		    libmenuw.so.6.3	 libncurses.a		 libpciaccess.so.0	 libtinfo.so.6		python3.10
libbz2.so.1	      libform_g.a	   libhwloc.so		    libmenuw_g.a	 libncurses.so		 libpciaccess.so.0.11.1  libtinfo.so.6.3	sqlite3.36.0
libbz2.so.1.0	      libformw.a	   libhwloc.so.15	    libmpi.a		 libncurses.so.6	 libpkgconf.a		 libtinfo_g.a		tcl8
libbz2.so.1.0.8       libformw.so	   libhwloc.so.15.6.0	    libmpi.so		 libncurses.so.6.3	 libpkgconf.so		 libtinfow.a		tcl8.6
libcharset.a	      libformw.so.6	   libiconv.a		    libmpi.so.12	 libncurses_g.a 	 libpkgconf.so.3	 libtinfow.so		tclConfig.sh
libcharset.so	      libformw.so.6.3	   libiconv.so		    libmpi.so.12.2.2	 libncursesw.a		 libpkgconf.so.3.0.0	 libtinfow.so.6 	tclooConfig.sh
libcharset.so.1       libformw_g.a	   libiconv.so.2	    libmpich.so 	 libncursesw.so 	 libpython3.10.so	 libtinfow.so.6.3	tdbc1.1.3
libcharset.so.1.0.0   libgdbm.a 	   libiconv.so.2.6.1	    libmpichcxx.so	 libncursesw.so.6	 libpython3.10.so.1.0	 libtinfow_g.a		tdbcmysql1.1.3
libcrypto.a	      libgdbm.so	   libintl.a		    libmpichf90.so	 libncursesw.so.6.3	 libpython3.so		 libuuid.a		tdbcodbc1.1.3
libcrypto.so	      libgdbm.so.6	   libintl.so		    libmpicxx.a 	 libncursesw_g.a	 libreadline.a		 libuuid.so		tdbcpostgres1.1.3
libcrypto.so.1.1      libgdbm.so.6.0.0	   libintl.so.8 	    libmpicxx.so	 libopa.so		 libreadline.so 	 libuuid.so.1		terminfo
libcurses.so	      libgdbm_compat.a	   libintl.so.8.3.0	    libmpicxx.so.12	 libopenblas-r0.3.21.a	 libreadline.so.8	 libuuid.so.1.3.0	thread2.8.7
libexpat.a	      libgdbm_compat.so    liblzma.a		    libmpicxx.so.12.2.2  libopenblas-r0.3.21.so  libreadline.so.8.1	 libxml2.so
libexpat.so	      libgdbm_compat.so.4  liblzma.so		    libmpifort.a	 libopenblas.a		 libsqlite3.a		 libxml2.so.2
$ ls views/full
bzip2  gdbm	hwloc	libfabric  libiconv  libpciaccess  mpich    openblas  pigz     python	 sqlite  tcl		  xz	 zlib
expat  gettext	libbsd	libffi	   libmd     libxml2	   ncurses  openssl   pkgconf  readline  tar	 util-linux-uuid  yaksa  zstd
$ ls views/full/zlib
zlib-1.2.13-clang-7.0.0  zlib-1.2.13-gcc-7.5.0
$ ls views/full/zlib/zlib-1.2.11-gcc-7.5.0
ls: cannot access 'views/full/zlib/zlib-1.2.11-gcc-7.5.0': No such file or directory
$ ls views/full/zlib/zlib-1.2.11-gcc-7.5.0/lib
ls: cannot access 'views/full/zlib/zlib-1.2.11-gcc-7.5.0/lib': No such file or directory
